Running Gradle task 'assembleRelease'...                        
WARNING: Your app uses the following plugins that apply Kotlin Gradle Plugin (KGP): share_plus
Future versions of Flutter will fail to build if your app uses plugins that apply KGP.

Please check the changelogs of these plugins and upgrade to a version that supports Built-in Kotlin.
If no such version exists, report the issue to the plugin. If necessary, here is a guide on filing
an issue against a plugin: https://docs.flutter.dev/release/breaking-changes/migrate-to-built-in-kotlin/for-app-developers#report-incompatible-kotlin-gradle-plugin-usage-to-plugin-authors

If you are a plugin author, please migrate your plugin to Built-in Kotlin using this guide: https://docs.flutter.dev/release/breaking-changes/migrate-to-built-in-kotlin/for-plugin-authors
lib/main.dart:64:18: Error: The argument type 'CardTheme' can't be assigned to the parameter type 'CardThemeData?'.
 - 'CardTheme' is from 'package:flutter/src/material/card_theme.dart' ('/opt/hostedtoolcache/flutter/stable-3.47.4-x64/flutter/packages/flutter/lib/src/material/card_theme.dart').
 - 'CardThemeData' is from 'package:flutter/src/material/card_theme.dart' ('/opt/hostedtoolcache/flutter/stable-3.47.4-x64/flutter/packages/flutter/lib/src/material/card_theme.dart').
      cardTheme: CardTheme(
                 ^
lib/main.dart:95:18: Error: The argument type 'CardTheme' can't be assigned to the parameter type 'CardThemeData?'.
 - 'CardTheme' is from 'package:flutter/src/material/card_theme.dart' ('/opt/hostedtoolcache/flutter/stable-3.47.4-x64/flutter/packages/flutter/lib/src/material/card_theme.dart').
 - 'CardThemeData' is from 'package:flutter/src/material/card_theme.dart' ('/opt/hostedtoolcache/flutter/stable-3.47.4-x64/flutter/packages/flutter/lib/src/material/card_theme.dart').
      cardTheme: CardTheme(
                 ^
Target kernel_snapshot_program failed: Exception


FAILURE: Build failed with an exception.

* What went wrong:
Execution failed for task ':app:compileFlutterBuildRelease'.
> Process 'command '/opt/hostedtoolcache/flutter/stable-3.47.4-x64/flutter/bin/flutter'' finished with non-zero exit value 1

* Try:
> Run with --stacktrace option to get the stack trace.
> Run with --info or --debug option to get more log output.
> Run with --scan to get full insights from a Build Scan (powered by Develocity).
> Get more help at https://help.gradle.org.

BUILD FAILED in 2m 1s
Running Gradle task 'assembleRelease'...                          121.7s
Gradle task assembleRelease failed with exit code 1
